// Jest Snapshot v1, https://goo.gl/fbAQLP

exports[`routes : auth POST /auth/login logs in a user and returns a token 1`] = `
Object {
  "status": "success",
  "token": Any<String>,
}
`;

exports[`routes : auth POST /auth/register registers a new user and returns a token 1`] = `
Object {
  "status": "success",
  "token": Any<String>,
}
`;
